
> frontend@0.0.0 build
> vite build

[36mvite v6.4.1 [32mbuilding for production...[36m[39m
transforming...
[32mΓ£ô[39m 7 modules transformed.
node.exe : [31mΓ£ù[39m 
Build failed in 1.28s
At C:\Program 
Files\nodejs\npm.ps1:29 
char:3
+   & $NODE_EXE 
$NPM_CLI_JS $args
+   ~~~~~~~~~~~~~~~~~~~~~~
~~~~~~~
    + CategoryInfo        
      : NotSpecified: (  
  [31mΓ£ù[39m Build fa   
 iled in 1.28s:String)    
 [], RemoteException
    + FullyQualifiedError 
   Id : NativeCommandErr  
  or
 
[31merror during build:
[31mCould not resolve "./
context/MatchContext.jsx" 
from "src/main.jsx"[31m
file: [36mC:/Users/Lenovo
/CHAT_APPLICATION/frontend
/src/main.jsx[31m
    at getRollupError (fil
e:///C:/Users/Lenovo/CHAT_
APPLICATION/node_modules/r
ollup/dist/es/shared/parse
Ast.js:402:41)
    at error (file:///C:/U
sers/Lenovo/CHAT_APPLICATI
ON/node_modules/rollup/dis
t/es/shared/parseAst.js:39
8:42)
    at ModuleLoader.handle
InvalidResolvedId (file://
/C:/Users/Lenovo/CHAT_APPL
ICATION/node_modules/rollu
p/dist/es/shared/node-entr
y.js:21710:24)
    at file:///C:/Users/Le
novo/CHAT_APPLICATION/node
_modules/rollup/dist/es/sh
ared/node-entry.js:21670:2
6[39m
